python : Traceback 
(most recent call 
last):
At line:1 char:1
+ python verify_pricing
_fallback.py > 
test_output.txt 2>&1
+ ~~~~~~~~~~~~~~~~~~~~~
~~~~~~~~~~~~~~~~~~~~~~~
~~~~~~~~~~~~
    + CategoryInfo     
         : NotSpecifi  
  ed: (Traceback (mo   
 st recent call las    
t)::String) [], Re    
moteException
    + FullyQualifiedEr 
   rorId : NativeComm  
  andError
 
  File "E:\New folder\c
rmdeliv\verify_pricing_
fallback.py", line 1, 
in <module>
    from app import 
app, 
calculate_order_amount
  File "E:\New folder\c
rmdeliv\app.py", line 
12, in <module>
    import fitz  # 
PyMuPDF
    ^^^^^^^^^^^
ModuleNotFoundError: 
No module named 'fitz'
